Copyright 1986-2018 Xilinx, Inc. All Rights Reserved.
--------------------------------------------------------------------------------------------------------------------------------------------------------------------------------------------------------
| Tool Version : Vivado v.2018.2 (win64) Build 2258646 Thu Jun 14 20:03:12 MDT 2018
| Date         : Tue Mar 16 15:33:54 2021
| Host         : Riptide running 64-bit major release  (build 9200)
| Command      : report_timing_summary -max_paths 10 -file Top_Student_timing_summary_routed.rpt -pb Top_Student_timing_summary_routed.pb -rpx Top_Student_timing_summary_routed.rpx -warn_on_violation
| Design       : Top_Student
| Device       : 7a35t-cpg236
| Speed File   : -1  PRODUCTION 1.22 2018-03-21
--------------------------------------------------------------------------------------------------------------------------------------------------------------------------------------------------------

Timing Summary Report

------------------------------------------------------------------------------------------------
| Timer Settings
| --------------
------------------------------------------------------------------------------------------------

  Enable Multi Corner Analysis               :  Yes
  Enable Pessimism Removal                   :  Yes
  Pessimism Removal Resolution               :  Nearest Common Node
  Enable Input Delay Default Clock           :  No
  Enable Preset / Clear Arcs                 :  No
  Disable Flight Delays                      :  No
  Ignore I/O Paths                           :  No
  Timing Early Launch at Borrowing Latches   :  false

  Corner  Analyze    Analyze    
  Name    Max Paths  Min Paths  
  ------  ---------  ---------  
  Slow    Yes        Yes        
  Fast    Yes        Yes        



check_timing report

Table of Contents
-----------------
1. checking no_clock
2. checking constant_clock
3. checking pulse_width_clock
4. checking unconstrained_internal_endpoints
5. checking no_input_delay
6. checking no_output_delay
7. checking multiple_clock
8. checking generated_clocks
9. checking loops
10. checking partial_input_delay
11. checking partial_output_delay
12. checking latch_loops

1. checking no_clock
--------------------
 There are 12 register/latch pins with no clock driven by root clock pin: ac/sclk_reg/Q (HIGH)

 There are 116 register/latch pins with no clock driven by root clock pin: oled_clk/clock_out_reg/Q (HIGH)

 There are 12 register/latch pins with no clock driven by root clock pin: sample_clk/new_clk_reg/Q (HIGH)


2. checking constant_clock
--------------------------
 There are 0 register/latch pins with constant_clock.


3. checking pulse_width_clock
-----------------------------
 There are 0 register/latch pins which need pulse_width check


4. checking unconstrained_internal_endpoints
--------------------------------------------
 There are 253 pins that are not constrained for maximum delay. (HIGH)

 There are 0 pins that are not constrained for maximum delay due to constant clock.


5. checking no_input_delay
--------------------------
 There is 1 input port with no input delay specified. (HIGH)

 There are 0 input ports with no input delay but user has a false path constraint.


6. checking no_output_delay
---------------------------
 There are 20 ports with no output delay specified. (HIGH)

 There are 0 ports with no output delay but user has a false path constraint

 There are 0 ports with no output delay but with a timing clock defined on it or propagating through it


7. checking multiple_clock
--------------------------
 There are 0 register/latch pins with multiple clocks.


8. checking generated_clocks
----------------------------
 There are 0 generated clocks that are not connected to a clock source.


9. checking loops
-----------------
 There are 0 combinational loops in the design.


10. checking partial_input_delay
--------------------------------
 There are 0 input ports with partial input delay specified.


11. checking partial_output_delay
---------------------------------
 There are 0 ports with partial output delay specified.


12. checking latch_loops
------------------------
 There are 0 combinational latch loops in the design through latch input



------------------------------------------------------------------------------------------------
| Design Timing Summary
| ---------------------
------------------------------------------------------------------------------------------------

    WNS(ns)      TNS(ns)  TNS Failing Endpoints  TNS Total Endpoints      WHS(ns)      THS(ns)  THS Failing Endpoints  THS Total Endpoints     WPWS(ns)     TPWS(ns)  TPWS Failing Endpoints  TPWS Total Endpoints  
    -------      -------  ---------------------  -------------------      -------      -------  ---------------------  -------------------     --------     --------  ----------------------  --------------------  
      5.664        0.000                      0                   55        0.238        0.000                      0                   55        4.500        0.000                       0                    33  


All user specified timing constraints are met.


------------------------------------------------------------------------------------------------
| Clock Summary
| -------------
------------------------------------------------------------------------------------------------

Clock        Waveform(ns)       Period(ns)      Frequency(MHz)
-----        ------------       ----------      --------------
sys_clk_pin  {0.000 5.000}      10.000          100.000         


------------------------------------------------------------------------------------------------
| Intra Clock Table
| -----------------
------------------------------------------------------------------------------------------------

Clock             WNS(ns)      TNS(ns)  TNS Failing Endpoints  TNS Total Endpoints      WHS(ns)      THS(ns)  THS Failing Endpoints  THS Total Endpoints     WPWS(ns)     TPWS(ns)  TPWS Failing Endpoints  TPWS Total Endpoints  
-----             -------      -------  ---------------------  -------------------      -------      -------  ---------------------  -------------------     --------     --------  ----------------------  --------------------  
sys_clk_pin         5.664        0.000                      0                   55        0.238        0.000                      0                   55        4.500        0.000                       0                    33  


------------------------------------------------------------------------------------------------
| Inter Clock Table
| -----------------
------------------------------------------------------------------------------------------------

From Clock    To Clock          WNS(ns)      TNS(ns)  TNS Failing Endpoints  TNS Total Endpoints      WHS(ns)      THS(ns)  THS Failing Endpoints  THS Total Endpoints  
----------    --------          -------      -------  ---------------------  -------------------      -------      -------  ---------------------  -------------------  


------------------------------------------------------------------------------------------------
| Other Path Groups Table
| -----------------------
------------------------------------------------------------------------------------------------

Path Group    From Clock    To Clock          WNS(ns)      TNS(ns)  TNS Failing Endpoints  TNS Total Endpoints      WHS(ns)      THS(ns)  THS Failing Endpoints  THS Total Endpoints  
----------    ----------    --------          -------      -------  ---------------------  -------------------      -------      -------  ---------------------  -------------------  


------------------------------------------------------------------------------------------------
| Timing Details
| --------------
------------------------------------------------------------------------------------------------


---------------------------------------------------------------------------------------------------
From Clock:  sys_clk_pin
  To Clock:  sys_clk_pin

Setup :            0  Failing Endpoints,  Worst Slack        5.664ns,  Total Violation        0.000ns
Hold  :            0  Failing Endpoints,  Worst Slack        0.238ns,  Total Violation        0.000ns
PW    :            0  Failing Endpoints,  Worst Slack        4.500ns,  Total Violation        0.000ns
---------------------------------------------------------------------------------------------------


Max Delay Paths
--------------------------------------------------------------------------------------
Slack (MET) :             5.664ns  (required time - arrival time)
  Source:                 ac/count2_reg[2]/C
                            (rising edge-triggered cell FDRE clocked by sys_clk_pin  {rise@0.000ns fall@5.000ns period=10.000ns})
  Destination:            ac/sclk_reg/D
                            (rising edge-triggered cell FDRE clocked by sys_clk_pin  {rise@0.000ns fall@5.000ns period=10.000ns})
  Path Group:             sys_clk_pin
  Path Type:              Setup (Max at Slow Process Corner)
  Requirement:            10.000ns  (sys_clk_pin rise@10.000ns - sys_clk_pin rise@0.000ns)
  Data Path Delay:        4.353ns  (logic 0.952ns (21.869%)  route 3.401ns (78.131%))
  Logic Levels:           4  (LUT4=1 LUT6=3)
  Clock Path Skew:        -0.025ns (DCD - SCD + CPR)
    Destination Clock Delay (DCD):    5.013ns = ( 15.013 - 10.000 ) 
    Source Clock Delay      (SCD):    5.319ns
    Clock Pessimism Removal (CPR):    0.281ns
  Clock Uncertainty:      0.035ns  ((TSJ^2 + TIJ^2)^1/2 + DJ) / 2 + PE
    Total System Jitter     (TSJ):    0.071ns
    Total Input Jitter      (TIJ):    0.000ns
    Discrete Jitter          (DJ):    0.000ns
    Phase Error              (PE):    0.000ns

    Location             Delay type                Incr(ns)  Path(ns)    Netlist Resource(s)
  -------------------------------------------------------------------    -------------------
                         (clock sys_clk_pin rise edge)
                                                      0.000     0.000 r  
    W5                                                0.000     0.000 r  CLK100MHZ (IN)
                         net (fo=0)                   0.000     0.000    CLK100MHZ
    W5                   IBUF (Prop_ibuf_I_O)         1.458     1.458 r  CLK100MHZ_IBUF_inst/O
                         net (fo=1, routed)           1.967     3.425    CLK100MHZ_IBUF
    BUFGCTRL_X0Y1        BUFG (Prop_bufg_I_O)         0.096     3.521 r  CLK100MHZ_IBUF_BUFG_inst/O
                         net (fo=32, routed)          1.798     5.319    ac/CLK100MHZ_IBUF_BUFG
    SLICE_X1Y131         FDRE                                         r  ac/count2_reg[2]/C
  -------------------------------------------------------------------    -------------------
    SLICE_X1Y131         FDRE (Prop_fdre_C_Q)         0.456     5.775 f  ac/count2_reg[2]/Q
                         net (fo=10, routed)          1.103     6.878    ac/count2_reg[2]
    SLICE_X3Y131         LUT4 (Prop_lut4_I0_O)        0.124     7.002 r  ac/sclk_i_18/O
                         net (fo=1, routed)           0.665     7.668    ac/sclk_i_18_n_0
    SLICE_X3Y131         LUT6 (Prop_lut6_I1_O)        0.124     7.792 r  ac/sclk_i_11/O
                         net (fo=1, routed)           0.811     8.603    ac/sclk_i_11_n_0
    SLICE_X3Y132         LUT6 (Prop_lut6_I0_O)        0.124     8.727 r  ac/sclk_i_4/O
                         net (fo=1, routed)           0.821     9.548    ac/sclk_i_4_n_0
    SLICE_X2Y130         LUT6 (Prop_lut6_I2_O)        0.124     9.672 r  ac/sclk_i_1/O
                         net (fo=1, routed)           0.000     9.672    ac/sclk_i_1_n_0
    SLICE_X2Y130         FDRE                                         r  ac/sclk_reg/D
  -------------------------------------------------------------------    -------------------

                         (clock sys_clk_pin rise edge)
                                                     10.000    10.000 r  
    W5                                                0.000    10.000 r  CLK100MHZ (IN)
                         net (fo=0)                   0.000    10.000    CLK100MHZ
    W5                   IBUF (Prop_ibuf_I_O)         1.388    11.388 r  CLK100MHZ_IBUF_inst/O
                         net (fo=1, routed)           1.862    13.250    CLK100MHZ_IBUF
    BUFGCTRL_X0Y1        BUFG (Prop_bufg_I_O)         0.091    13.341 r  CLK100MHZ_IBUF_BUFG_inst/O
                         net (fo=32, routed)          1.672    15.013    ac/CLK100MHZ_IBUF_BUFG
    SLICE_X2Y130         FDRE                                         r  ac/sclk_reg/C
                         clock pessimism              0.281    15.294    
                         clock uncertainty           -0.035    15.259    
    SLICE_X2Y130         FDRE (Setup_fdre_C_D)        0.077    15.336    ac/sclk_reg
  -------------------------------------------------------------------
                         required time                         15.336    
                         arrival time                          -9.672    
  -------------------------------------------------------------------
                         slack                                  5.664    

Slack (MET) :             5.754ns  (required time - arrival time)
  Source:                 sample_clk/counter_reg[4]/C
                            (rising edge-triggered cell FDRE clocked by sys_clk_pin  {rise@0.000ns fall@5.000ns period=10.000ns})
  Destination:            sample_clk/counter_reg[1]/R
                            (rising edge-triggered cell FDRE clocked by sys_clk_pin  {rise@0.000ns fall@5.000ns period=10.000ns})
  Path Group:             sys_clk_pin
  Path Type:              Setup (Max at Slow Process Corner)
  Requirement:            10.000ns  (sys_clk_pin rise@10.000ns - sys_clk_pin rise@0.000ns)
  Data Path Delay:        3.782ns  (logic 0.828ns (21.895%)  route 2.954ns (78.105%))
  Logic Levels:           3  (LUT2=1 LUT4=1 LUT5=1)
  Clock Path Skew:        0.000ns (DCD - SCD + CPR)
    Destination Clock Delay (DCD):    5.019ns = ( 15.019 - 10.000 ) 
    Source Clock Delay      (SCD):    5.325ns
    Clock Pessimism Removal (CPR):    0.306ns
  Clock Uncertainty:      0.035ns  ((TSJ^2 + TIJ^2)^1/2 + DJ) / 2 + PE
    Total System Jitter     (TSJ):    0.071ns
    Total Input Jitter      (TIJ):    0.000ns
    Discrete Jitter          (DJ):    0.000ns
    Phase Error              (PE):    0.000ns

    Location             Delay type                Incr(ns)  Path(ns)    Netlist Resource(s)
  -------------------------------------------------------------------    -------------------
                         (clock sys_clk_pin rise edge)
                                                      0.000     0.000 r  
    W5                                                0.000     0.000 r  CLK100MHZ (IN)
                         net (fo=0)                   0.000     0.000    CLK100MHZ
    W5                   IBUF (Prop_ibuf_I_O)         1.458     1.458 r  CLK100MHZ_IBUF_inst/O
                         net (fo=1, routed)           1.967     3.425    CLK100MHZ_IBUF
    BUFGCTRL_X0Y1        BUFG (Prop_bufg_I_O)         0.096     3.521 r  CLK100MHZ_IBUF_BUFG_inst/O
                         net (fo=32, routed)          1.804     5.325    sample_clk/CLK100MHZ_IBUF_BUFG
    SLICE_X0Y135         FDRE                                         r  sample_clk/counter_reg[4]/C
  -------------------------------------------------------------------    -------------------
    SLICE_X0Y135         FDRE (Prop_fdre_C_Q)         0.456     5.781 f  sample_clk/counter_reg[4]/Q
                         net (fo=2, routed)           0.682     6.463    sample_clk/counter[4]
    SLICE_X1Y135         LUT4 (Prop_lut4_I3_O)        0.124     6.587 f  sample_clk/counter[0]_i_4/O
                         net (fo=1, routed)           0.633     7.220    sample_clk/counter[0]_i_4_n_0
    SLICE_X1Y136         LUT5 (Prop_lut5_I4_O)        0.124     7.344 f  sample_clk/counter[0]_i_2/O
                         net (fo=3, routed)           0.806     8.151    sample_clk/counter[0]_i_2_n_0
    SLICE_X1Y135         LUT2 (Prop_lut2_I0_O)        0.124     8.275 r  sample_clk/counter[11]_i_1/O
                         net (fo=11, routed)          0.832     9.107    sample_clk/new_clk
    SLICE_X0Y135         FDRE                                         r  sample_clk/counter_reg[1]/R
  -------------------------------------------------------------------    -------------------

                         (clock sys_clk_pin rise edge)
                                                     10.000    10.000 r  
    W5                                                0.000    10.000 r  CLK100MHZ (IN)
                         net (fo=0)                   0.000    10.000    CLK100MHZ
    W5                   IBUF (Prop_ibuf_I_O)         1.388    11.388 r  CLK100MHZ_IBUF_inst/O
                         net (fo=1, routed)           1.862    13.250    CLK100MHZ_IBUF
    BUFGCTRL_X0Y1        BUFG (Prop_bufg_I_O)         0.091    13.341 r  CLK100MHZ_IBUF_BUFG_inst/O
                         net (fo=32, routed)          1.678    15.019    sample_clk/CLK100MHZ_IBUF_BUFG
    SLICE_X0Y135         FDRE                                         r  sample_clk/counter_reg[1]/C
                         clock pessimism              0.306    15.325    
                         clock uncertainty           -0.035    15.290    
    SLICE_X0Y135         FDRE (Setup_fdre_C_R)       -0.429    14.861    sample_clk/counter_reg[1]
  -------------------------------------------------------------------
                         required time                         14.861    
                         arrival time                          -9.107    
  -------------------------------------------------------------------
                         slack                                  5.754    

Slack (MET) :             5.754ns  (required time - arrival time)
  Source:                 sample_clk/counter_reg[4]/C
                            (rising edge-triggered cell FDRE clocked by sys_clk_pin  {rise@0.000ns fall@5.000ns period=10.000ns})
  Destination:            sample_clk/counter_reg[2]/R
                            (rising edge-triggered cell FDRE clocked by sys_clk_pin  {rise@0.000ns fall@5.000ns period=10.000ns})
  Path Group:             sys_clk_pin
  Path Type:              Setup (Max at Slow Process Corner)
  Requirement:            10.000ns  (sys_clk_pin rise@10.000ns - sys_clk_pin rise@0.000ns)
  Data Path Delay:        3.782ns  (logic 0.828ns (21.895%)  route 2.954ns (78.105%))
  Logic Levels:           3  (LUT2=1 LUT4=1 LUT5=1)
  Clock Path Skew:        0.000ns (DCD - SCD + CPR)
    Destination Clock Delay (DCD):    5.019ns = ( 15.019 - 10.000 ) 
    Source Clock Delay      (SCD):    5.325ns
    Clock Pessimism Removal (CPR):    0.306ns
  Clock Uncertainty:      0.035ns  ((TSJ^2 + TIJ^2)^1/2 + DJ) / 2 + PE
    Total System Jitter     (TSJ):    0.071ns
    Total Input Jitter      (TIJ):    0.000ns
    Discrete Jitter          (DJ):    0.000ns
    Phase Error              (PE):    0.000ns

    Location             Delay type                Incr(ns)  Path(ns)    Netlist Resource(s)
  -------------------------------------------------------------------    -------------------
                         (clock sys_clk_pin rise edge)
                                                      0.000     0.000 r  
    W5                                                0.000     0.000 r  CLK100MHZ (IN)
                         net (fo=0)                   0.000     0.000    CLK100MHZ
    W5                   IBUF (Prop_ibuf_I_O)         1.458     1.458 r  CLK100MHZ_IBUF_inst/O
                         net (fo=1, routed)           1.967     3.425    CLK100MHZ_IBUF
    BUFGCTRL_X0Y1        BUFG (Prop_bufg_I_O)         0.096     3.521 r  CLK100MHZ_IBUF_BUFG_inst/O
                         net (fo=32, routed)          1.804     5.325    sample_clk/CLK100MHZ_IBUF_BUFG
    SLICE_X0Y135         FDRE                                         r  sample_clk/counter_reg[4]/C
  -------------------------------------------------------------------    -------------------
    SLICE_X0Y135         FDRE (Prop_fdre_C_Q)         0.456     5.781 f  sample_clk/counter_reg[4]/Q
                         net (fo=2, routed)           0.682     6.463    sample_clk/counter[4]
    SLICE_X1Y135         LUT4 (Prop_lut4_I3_O)        0.124     6.587 f  sample_clk/counter[0]_i_4/O
                         net (fo=1, routed)           0.633     7.220    sample_clk/counter[0]_i_4_n_0
    SLICE_X1Y136         LUT5 (Prop_lut5_I4_O)        0.124     7.344 f  sample_clk/counter[0]_i_2/O
                         net (fo=3, routed)           0.806     8.151    sample_clk/counter[0]_i_2_n_0
    SLICE_X1Y135         LUT2 (Prop_lut2_I0_O)        0.124     8.275 r  sample_clk/counter[11]_i_1/O
                         net (fo=11, routed)          0.832     9.107    sample_clk/new_clk
    SLICE_X0Y135         FDRE                                         r  sample_clk/counter_reg[2]/R
  -------------------------------------------------------------------    -------------------

                         (clock sys_clk_pin rise edge)
                                                     10.000    10.000 r  
    W5                                                0.000    10.000 r  CLK100MHZ (IN)
                         net (fo=0)                   0.000    10.000    CLK100MHZ
    W5                   IBUF (Prop_ibuf_I_O)         1.388    11.388 r  CLK100MHZ_IBUF_inst/O
                         net (fo=1, routed)           1.862    13.250    CLK100MHZ_IBUF
    BUFGCTRL_X0Y1        BUFG (Prop_bufg_I_O)         0.091    13.341 r  CLK100MHZ_IBUF_BUFG_inst/O
                         net (fo=32, routed)          1.678    15.019    sample_clk/CLK100MHZ_IBUF_BUFG
    SLICE_X0Y135         FDRE                                         r  sample_clk/counter_reg[2]/C
                         clock pessimism              0.306    15.325    
                         clock uncertainty           -0.035    15.290    
    SLICE_X0Y135         FDRE (Setup_fdre_C_R)       -0.429    14.861    sample_clk/counter_reg[2]
  -------------------------------------------------------------------
                         required time                         14.861    
                         arrival time                          -9.107    
  -------------------------------------------------------------------
                         slack                                  5.754    

Slack (MET) :             5.754ns  (required time - arrival time)
  Source:                 sample_clk/counter_reg[4]/C
                            (rising edge-triggered cell FDRE clocked by sys_clk_pin  {rise@0.000ns fall@5.000ns period=10.000ns})
  Destination:            sample_clk/counter_reg[3]/R
                            (rising edge-triggered cell FDRE clocked by sys_clk_pin  {rise@0.000ns fall@5.000ns period=10.000ns})
  Path Group:             sys_clk_pin
  Path Type:              Setup (Max at Slow Process Corner)
  Requirement:            10.000ns  (sys_clk_pin rise@10.000ns - sys_clk_pin rise@0.000ns)
  Data Path Delay:        3.782ns  (logic 0.828ns (21.895%)  route 2.954ns (78.105%))
  Logic Levels:           3  (LUT2=1 LUT4=1 LUT5=1)
  Clock Path Skew:        0.000ns (DCD - SCD + CPR)
    Destination Clock Delay (DCD):    5.019ns = ( 15.019 - 10.000 ) 
    Source Clock Delay      (SCD):    5.325ns
    Clock Pessimism Removal (CPR):    0.306ns
  Clock Uncertainty:      0.035ns  ((TSJ^2 + TIJ^2)^1/2 + DJ) / 2 + PE
    Total System Jitter     (TSJ):    0.071ns
    Total Input Jitter      (TIJ):    0.000ns
    Discrete Jitter          (DJ):    0.000ns
    Phase Error              (PE):    0.000ns

    Location             Delay type                Incr(ns)  Path(ns)    Netlist Resource(s)
  -------------------------------------------------------------------    -------------------
                         (clock sys_clk_pin rise edge)
                                                      0.000     0.000 r  
    W5                                                0.000     0.000 r  CLK100MHZ (IN)
                         net (fo=0)                   0.000     0.000    CLK100MHZ
    W5                   IBUF (Prop_ibuf_I_O)         1.458     1.458 r  CLK100MHZ_IBUF_inst/O
                         net (fo=1, routed)           1.967     3.425    CLK100MHZ_IBUF
    BUFGCTRL_X0Y1        BUFG (Prop_bufg_I_O)         0.096     3.521 r  CLK100MHZ_IBUF_BUFG_inst/O
                         net (fo=32, routed)          1.804     5.325    sample_clk/CLK100MHZ_IBUF_BUFG
    SLICE_X0Y135         FDRE                                         r  sample_clk/counter_reg[4]/C
  -------------------------------------------------------------------    -------------------
    SLICE_X0Y135         FDRE (Prop_fdre_C_Q)         0.456     5.781 f  sample_clk/counter_reg[4]/Q
                         net (fo=2, routed)           0.682     6.463    sample_clk/counter[4]
    SLICE_X1Y135         LUT4 (Prop_lut4_I3_O)        0.124     6.587 f  sample_clk/counter[0]_i_4/O
                         net (fo=1, routed)           0.633     7.220    sample_clk/counter[0]_i_4_n_0
    SLICE_X1Y136         LUT5 (Prop_lut5_I4_O)        0.124     7.344 f  sample_clk/counter[0]_i_2/O
                         net (fo=3, routed)           0.806     8.151    sample_clk/counter[0]_i_2_n_0
    SLICE_X1Y135         LUT2 (Prop_lut2_I0_O)        0.124     8.275 r  sample_clk/counter[11]_i_1/O
                         net (fo=11, routed)          0.832     9.107    sample_clk/new_clk
    SLICE_X0Y135         FDRE                                         r  sample_clk/counter_reg[3]/R
  -------------------------------------------------------------------    -------------------

                         (clock sys_clk_pin rise edge)
                                                     10.000    10.000 r  
    W5                                                0.000    10.000 r  CLK100MHZ (IN)
                         net (fo=0)                   0.000    10.000    CLK100MHZ
    W5                   IBUF (Prop_ibuf_I_O)         1.388    11.388 r  CLK100MHZ_IBUF_inst/O
                         net (fo=1, routed)           1.862    13.250    CLK100MHZ_IBUF
    BUFGCTRL_X0Y1        BUFG (Prop_bufg_I_O)         0.091    13.341 r  CLK100MHZ_IBUF_BUFG_inst/O
                         net (fo=32, routed)          1.678    15.019    sample_clk/CLK100MHZ_IBUF_BUFG
    SLICE_X0Y135         FDRE                                         r  sample_clk/counter_reg[3]/C
                         clock pessimism              0.306    15.325    
                         clock uncertainty           -0.035    15.290    
    SLICE_X0Y135         FDRE (Setup_fdre_C_R)       -0.429    14.861    sample_clk/counter_reg[3]
  -------------------------------------------------------------------
                         required time                         14.861    
                         arrival time                          -9.107    
  -------------------------------------------------------------------
                         slack                                  5.754    

Slack (MET) :             5.754ns  (required time - arrival time)
  Source:                 sample_clk/counter_reg[4]/C
                            (rising edge-triggered cell FDRE clocked by sys_clk_pin  {rise@0.000ns fall@5.000ns period=10.000ns})
  Destination:            sample_clk/counter_reg[4]/R
                            (rising edge-triggered cell FDRE clocked by sys_clk_pin  {rise@0.000ns fall@5.000ns period=10.000ns})
  Path Group:             sys_clk_pin
  Path Type:              Setup (Max at Slow Process Corner)
  Requirement:            10.000ns  (sys_clk_pin rise@10.000ns - sys_clk_pin rise@0.000ns)
  Data Path Delay:        3.782ns  (logic 0.828ns (21.895%)  route 2.954ns (78.105%))
  Logic Levels:           3  (LUT2=1 LUT4=1 LUT5=1)
  Clock Path Skew:        0.000ns (DCD - SCD + CPR)
    Destination Clock Delay (DCD):    5.019ns = ( 15.019 - 10.000 ) 
    Source Clock Delay      (SCD):    5.325ns
    Clock Pessimism Removal (CPR):    0.306ns
  Clock Uncertainty:      0.035ns  ((TSJ^2 + TIJ^2)^1/2 + DJ) / 2 + PE
    Total System Jitter     (TSJ):    0.071ns
    Total Input Jitter      (TIJ):    0.000ns
    Discrete Jitter          (DJ):    0.000ns
    Phase Error              (PE):    0.000ns

    Location             Delay type                Incr(ns)  Path(ns)    Netlist Resource(s)
  -------------------------------------------------------------------    -------------------
                         (clock sys_clk_pin rise edge)
                                                      0.000     0.000 r  
    W5                                                0.000     0.000 r  CLK100MHZ (IN)
                         net (fo=0)                   0.000     0.000    CLK100MHZ
    W5                   IBUF (Prop_ibuf_I_O)         1.458     1.458 r  CLK100MHZ_IBUF_inst/O
                         net (fo=1, routed)           1.967     3.425    CLK100MHZ_IBUF
    BUFGCTRL_X0Y1        BUFG (Prop_bufg_I_O)         0.096     3.521 r  CLK100MHZ_IBUF_BUFG_inst/O
                         net (fo=32, routed)          1.804     5.325    sample_clk/CLK100MHZ_IBUF_BUFG
    SLICE_X0Y135         FDRE                                         r  sample_clk/counter_reg[4]/C
  -------------------------------------------------------------------    -------------------
    SLICE_X0Y135         FDRE (Prop_fdre_C_Q)         0.456     5.781 f  sample_clk/counter_reg[4]/Q
                         net (fo=2, routed)           0.682     6.463    sample_clk/counter[4]
    SLICE_X1Y135         LUT4 (Prop_lut4_I3_O)        0.124     6.587 f  sample_clk/counter[0]_i_4/O
                         net (fo=1, routed)           0.633     7.220    sample_clk/counter[0]_i_4_n_0
    SLICE_X1Y136         LUT5 (Prop_lut5_I4_O)        0.124     7.344 f  sample_clk/counter[0]_i_2/O
                         net (fo=3, routed)           0.806     8.151    sample_clk/counter[0]_i_2_n_0
    SLICE_X1Y135         LUT2 (Prop_lut2_I0_O)        0.124     8.275 r  sample_clk/counter[11]_i_1/O
                         net (fo=11, routed)          0.832     9.107    sample_clk/new_clk
    SLICE_X0Y135         FDRE                                         r  sample_clk/counter_reg[4]/R
  -------------------------------------------------------------------    -------------------

                         (clock sys_clk_pin rise edge)
                                                     10.000    10.000 r  
    W5                                                0.000    10.000 r  CLK100MHZ (IN)
                         net (fo=0)                   0.000    10.000    CLK100MHZ
    W5                   IBUF (Prop_ibuf_I_O)         1.388    11.388 r  CLK100MHZ_IBUF_inst/O
                         net (fo=1, routed)           1.862    13.250    CLK100MHZ_IBUF
    BUFGCTRL_X0Y1        BUFG (Prop_bufg_I_O)         0.091    13.341 r  CLK100MHZ_IBUF_BUFG_inst/O
                         net (fo=32, routed)          1.678    15.019    sample_clk/CLK100MHZ_IBUF_BUFG
    SLICE_X0Y135         FDRE                                         r  sample_clk/counter_reg[4]/C
                         clock pessimism              0.306    15.325    
                         clock uncertainty           -0.035    15.290    
    SLICE_X0Y135         FDRE (Setup_fdre_C_R)       -0.429    14.861    sample_clk/counter_reg[4]
  -------------------------------------------------------------------
                         required time                         14.861    
                         arrival time                          -9.107    
  -------------------------------------------------------------------
                         slack                                  5.754    

Slack (MET) :             6.056ns  (required time - arrival time)
  Source:                 sample_clk/counter_reg[4]/C
                            (rising edge-triggered cell FDRE clocked by sys_clk_pin  {rise@0.000ns fall@5.000ns period=10.000ns})
  Destination:            sample_clk/counter_reg[10]/R
                            (rising edge-triggered cell FDRE clocked by sys_clk_pin  {rise@0.000ns fall@5.000ns period=10.000ns})
  Path Group:             sys_clk_pin
  Path Type:              Setup (Max at Slow Process Corner)
  Requirement:            10.000ns  (sys_clk_pin rise@10.000ns - sys_clk_pin rise@0.000ns)
  Data Path Delay:        3.456ns  (logic 0.828ns (23.961%)  route 2.628ns (76.039%))
  Logic Levels:           3  (LUT2=1 LUT4=1 LUT5=1)
  Clock Path Skew:        -0.024ns (DCD - SCD + CPR)
    Destination Clock Delay (DCD):    5.020ns = ( 15.020 - 10.000 ) 
    Source Clock Delay      (SCD):    5.325ns
    Clock Pessimism Removal (CPR):    0.281ns
  Clock Uncertainty:      0.035ns  ((TSJ^2 + TIJ^2)^1/2 + DJ) / 2 + PE
    Total System Jitter     (TSJ):    0.071ns
    Total Input Jitter      (TIJ):    0.000ns
    Discrete Jitter          (DJ):    0.000ns
    Phase Error              (PE):    0.000ns

    Location             Delay type                Incr(ns)  Path(ns)    Netlist Resource(s)
  -------------------------------------------------------------------    -------------------
                         (clock sys_clk_pin rise edge)
                                                      0.000     0.000 r  
    W5                                                0.000     0.000 r  CLK100MHZ (IN)
                         net (fo=0)                   0.000     0.000    CLK100MHZ
    W5                   IBUF (Prop_ibuf_I_O)         1.458     1.458 r  CLK100MHZ_IBUF_inst/O
                         net (fo=1, routed)           1.967     3.425    CLK100MHZ_IBUF
    BUFGCTRL_X0Y1        BUFG (Prop_bufg_I_O)         0.096     3.521 r  CLK100MHZ_IBUF_BUFG_inst/O
                         net (fo=32, routed)          1.804     5.325    sample_clk/CLK100MHZ_IBUF_BUFG
    SLICE_X0Y135         FDRE                                         r  sample_clk/counter_reg[4]/C
  -------------------------------------------------------------------    -------------------
    SLICE_X0Y135         FDRE (Prop_fdre_C_Q)         0.456     5.781 f  sample_clk/counter_reg[4]/Q
                         net (fo=2, routed)           0.682     6.463    sample_clk/counter[4]
    SLICE_X1Y135         LUT4 (Prop_lut4_I3_O)        0.124     6.587 f  sample_clk/counter[0]_i_4/O
                         net (fo=1, routed)           0.633     7.220    sample_clk/counter[0]_i_4_n_0
    SLICE_X1Y136         LUT5 (Prop_lut5_I4_O)        0.124     7.344 f  sample_clk/counter[0]_i_2/O
                         net (fo=3, routed)           0.806     8.151    sample_clk/counter[0]_i_2_n_0
    SLICE_X1Y135         LUT2 (Prop_lut2_I0_O)        0.124     8.275 r  sample_clk/counter[11]_i_1/O
                         net (fo=11, routed)          0.506     8.781    sample_clk/new_clk
    SLICE_X0Y137         FDRE                                         r  sample_clk/counter_reg[10]/R
  -------------------------------------------------------------------    -------------------

                         (clock sys_clk_pin rise edge)
                                                     10.000    10.000 r  
    W5                                                0.000    10.000 r  CLK100MHZ (IN)
                         net (fo=0)                   0.000    10.000    CLK100MHZ
    W5                   IBUF (Prop_ibuf_I_O)         1.388    11.388 r  CLK100MHZ_IBUF_inst/O
                         net (fo=1, routed)           1.862    13.250    CLK100MHZ_IBUF
    BUFGCTRL_X0Y1        BUFG (Prop_bufg_I_O)         0.091    13.341 r  CLK100MHZ_IBUF_BUFG_inst/O
                         net (fo=32, routed)          1.679    15.020    sample_clk/CLK100MHZ_IBUF_BUFG
    SLICE_X0Y137         FDRE                                         r  sample_clk/counter_reg[10]/C
                         clock pessimism              0.281    15.301    
                         clock uncertainty           -0.035    15.266    
    SLICE_X0Y137         FDRE (Setup_fdre_C_R)       -0.429    14.837    sample_clk/counter_reg[10]
  -------------------------------------------------------------------
                         required time                         14.837    
                         arrival time                          -8.781    
  -------------------------------------------------------------------
                         slack                                  6.056    

Slack (MET) :             6.056ns  (required time - arrival time)
  Source:                 sample_clk/counter_reg[4]/C
                            (rising edge-triggered cell FDRE clocked by sys_clk_pin  {rise@0.000ns fall@5.000ns period=10.000ns})
  Destination:            sample_clk/counter_reg[11]/R
                            (rising edge-triggered cell FDRE clocked by sys_clk_pin  {rise@0.000ns fall@5.000ns period=10.000ns})
  Path Group:             sys_clk_pin
  Path Type:              Setup (Max at Slow Process Corner)
  Requirement:            10.000ns  (sys_clk_pin rise@10.000ns - sys_clk_pin rise@0.000ns)
  Data Path Delay:        3.456ns  (logic 0.828ns (23.961%)  route 2.628ns (76.039%))
  Logic Levels:           3  (LUT2=1 LUT4=1 LUT5=1)
  Clock Path Skew:        -0.024ns (DCD - SCD + CPR)
    Destination Clock Delay (DCD):    5.020ns = ( 15.020 - 10.000 ) 
    Source Clock Delay      (SCD):    5.325ns
    Clock Pessimism Removal (CPR):    0.281ns
  Clock Uncertainty:      0.035ns  ((TSJ^2 + TIJ^2)^1/2 + DJ) / 2 + PE
    Total System Jitter     (TSJ):    0.071ns
    Total Input Jitter      (TIJ):    0.000ns
    Discrete Jitter          (DJ):    0.000ns
    Phase Error              (PE):    0.000ns

    Location             Delay type                Incr(ns)  Path(ns)    Netlist Resource(s)
  -------------------------------------------------------------------    -------------------
                         (clock sys_clk_pin rise edge)
                                                      0.000     0.000 r  
    W5                                                0.000     0.000 r  CLK100MHZ (IN)
                         net (fo=0)                   0.000     0.000    CLK100MHZ
    W5                   IBUF (Prop_ibuf_I_O)         1.458     1.458 r  CLK100MHZ_IBUF_inst/O
                         net (fo=1, routed)           1.967     3.425    CLK100MHZ_IBUF
    BUFGCTRL_X0Y1        BUFG (Prop_bufg_I_O)         0.096     3.521 r  CLK100MHZ_IBUF_BUFG_inst/O
                         net (fo=32, routed)          1.804     5.325    sample_clk/CLK100MHZ_IBUF_BUFG
    SLICE_X0Y135         FDRE                                         r  sample_clk/counter_reg[4]/C
  -------------------------------------------------------------------    -------------------
    SLICE_X0Y135         FDRE (Prop_fdre_C_Q)         0.456     5.781 f  sample_clk/counter_reg[4]/Q
                         net (fo=2, routed)           0.682     6.463    sample_clk/counter[4]
    SLICE_X1Y135         LUT4 (Prop_lut4_I3_O)        0.124     6.587 f  sample_clk/counter[0]_i_4/O
                         net (fo=1, routed)           0.633     7.220    sample_clk/counter[0]_i_4_n_0
    SLICE_X1Y136         LUT5 (Prop_lut5_I4_O)        0.124     7.344 f  sample_clk/counter[0]_i_2/O
                         net (fo=3, routed)           0.806     8.151    sample_clk/counter[0]_i_2_n_0
    SLICE_X1Y135         LUT2 (Prop_lut2_I0_O)        0.124     8.275 r  sample_clk/counter[11]_i_1/O
                         net (fo=11, routed)          0.506     8.781    sample_clk/new_clk
    SLICE_X0Y137         FDRE                                         r  sample_clk/counter_reg[11]/R
  -------------------------------------------------------------------    -------------------

                         (clock sys_clk_pin rise edge)
                                                     10.000    10.000 r  
    W5                                                0.000    10.000 r  CLK100MHZ (IN)
                         net (fo=0)                   0.000    10.000    CLK100MHZ
    W5                   IBUF (Prop_ibuf_I_O)         1.388    11.388 r  CLK100MHZ_IBUF_inst/O
                         net (fo=1, routed)           1.862    13.250    CLK100MHZ_IBUF
    BUFGCTRL_X0Y1        BUFG (Prop_bufg_I_O)         0.091    13.341 r  CLK100MHZ_IBUF_BUFG_inst/O
                         net (fo=32, routed)          1.679    15.020    sample_clk/CLK100MHZ_IBUF_BUFG
    SLICE_X0Y137         FDRE                                         r  sample_clk/counter_reg[11]/C
                         clock pessimism              0.281    15.301    
                         clock uncertainty           -0.035    15.266    
    SLICE_X0Y137         FDRE (Setup_fdre_C_R)       -0.429    14.837    sample_clk/counter_reg[11]
  -------------------------------------------------------------------
                         required time                         14.837    
                         arrival time                          -8.781    
  -------------------------------------------------------------------
                         slack                                  6.056    

Slack (MET) :             6.056ns  (required time - arrival time)
  Source:                 sample_clk/counter_reg[4]/C
                            (rising edge-triggered cell FDRE clocked by sys_clk_pin  {rise@0.000ns fall@5.000ns period=10.000ns})
  Destination:            sample_clk/counter_reg[9]/R
                            (rising edge-triggered cell FDRE clocked by sys_clk_pin  {rise@0.000ns fall@5.000ns period=10.000ns})
  Path Group:             sys_clk_pin
  Path Type:              Setup (Max at Slow Process Corner)
  Requirement:            10.000ns  (sys_clk_pin rise@10.000ns - sys_clk_pin rise@0.000ns)
  Data Path Delay:        3.456ns  (logic 0.828ns (23.961%)  route 2.628ns (76.039%))
  Logic Levels:           3  (LUT2=1 LUT4=1 LUT5=1)
  Clock Path Skew:        -0.024ns (DCD - SCD + CPR)
    Destination Clock Delay (DCD):    5.020ns = ( 15.020 - 10.000 ) 
    Source Clock Delay      (SCD):    5.325ns
    Clock Pessimism Removal (CPR):    0.281ns
  Clock Uncertainty:      0.035ns  ((TSJ^2 + TIJ^2)^1/2 + DJ) / 2 + PE
    Total System Jitter     (TSJ):    0.071ns
    Total Input Jitter      (TIJ):    0.000ns
    Discrete Jitter          (DJ):    0.000ns
    Phase Error              (PE):    0.000ns

    Location             Delay type                Incr(ns)  Path(ns)    Netlist Resource(s)
  -------------------------------------------------------------------    -------------------
                         (clock sys_clk_pin rise edge)
                                                      0.000     0.000 r  
    W5                                                0.000     0.000 r  CLK100MHZ (IN)
                         net (fo=0)                   0.000     0.000    CLK100MHZ
    W5                   IBUF (Prop_ibuf_I_O)         1.458     1.458 r  CLK100MHZ_IBUF_inst/O
                         net (fo=1, routed)           1.967     3.425    CLK100MHZ_IBUF
    BUFGCTRL_X0Y1        BUFG (Prop_bufg_I_O)         0.096     3.521 r  CLK100MHZ_IBUF_BUFG_inst/O
                         net (fo=32, routed)          1.804     5.325    sample_clk/CLK100MHZ_IBUF_BUFG
    SLICE_X0Y135         FDRE                                         r  sample_clk/counter_reg[4]/C
  -------------------------------------------------------------------    -------------------
    SLICE_X0Y135         FDRE (Prop_fdre_C_Q)         0.456     5.781 f  sample_clk/counter_reg[4]/Q
                         net (fo=2, routed)           0.682     6.463    sample_clk/counter[4]
    SLICE_X1Y135         LUT4 (Prop_lut4_I3_O)        0.124     6.587 f  sample_clk/counter[0]_i_4/O
                         net (fo=1, routed)           0.633     7.220    sample_clk/counter[0]_i_4_n_0
    SLICE_X1Y136         LUT5 (Prop_lut5_I4_O)        0.124     7.344 f  sample_clk/counter[0]_i_2/O
                         net (fo=3, routed)           0.806     8.151    sample_clk/counter[0]_i_2_n_0
    SLICE_X1Y135         LUT2 (Prop_lut2_I0_O)        0.124     8.275 r  sample_clk/counter[11]_i_1/O
                         net (fo=11, routed)          0.506     8.781    sample_clk/new_clk
    SLICE_X0Y137         FDRE                                         r  sample_clk/counter_reg[9]/R
  -------------------------------------------------------------------    -------------------

                         (clock sys_clk_pin rise edge)
                                                     10.000    10.000 r  
    W5                                                0.000    10.000 r  CLK100MHZ (IN)
                         net (fo=0)                   0.000    10.000    CLK100MHZ
    W5                   IBUF (Prop_ibuf_I_O)         1.388    11.388 r  CLK100MHZ_IBUF_inst/O
                         net (fo=1, routed)           1.862    13.250    CLK100MHZ_IBUF
    BUFGCTRL_X0Y1        BUFG (Prop_bufg_I_O)         0.091    13.341 r  CLK100MHZ_IBUF_BUFG_inst/O
                         net (fo=32, routed)          1.679    15.020    sample_clk/CLK100MHZ_IBUF_BUFG
    SLICE_X0Y137         FDRE                                         r  sample_clk/counter_reg[9]/C
                         clock pessimism              0.281    15.301    
                         clock uncertainty           -0.035    15.266    
    SLICE_X0Y137         FDRE (Setup_fdre_C_R)       -0.429    14.837    sample_clk/counter_reg[9]
  -------------------------------------------------------------------
                         required time                         14.837    
                         arrival time                          -8.781    
  -------------------------------------------------------------------
                         slack                                  6.056    

Slack (MET) :             6.193ns  (required time - arrival time)
  Source:                 sample_clk/counter_reg[4]/C
                            (rising edge-triggered cell FDRE clocked by sys_clk_pin  {rise@0.000ns fall@5.000ns period=10.000ns})
  Destination:            sample_clk/counter_reg[5]/R
                            (rising edge-triggered cell FDRE clocked by sys_clk_pin  {rise@0.000ns fall@5.000ns period=10.000ns})
  Path Group:             sys_clk_pin
  Path Type:              Setup (Max at Slow Process Corner)
  Requirement:            10.000ns  (sys_clk_pin rise@10.000ns - sys_clk_pin rise@0.000ns)
  Data Path Delay:        3.317ns  (logic 0.828ns (24.961%)  route 2.489ns (75.039%))
  Logic Levels:           3  (LUT2=1 LUT4=1 LUT5=1)
  Clock Path Skew:        -0.025ns (DCD - SCD + CPR)
    Destination Clock Delay (DCD):    5.019ns = ( 15.019 - 10.000 ) 
    Source Clock Delay      (SCD):    5.325ns
    Clock Pessimism Removal (CPR):    0.281ns
  Clock Uncertainty:      0.035ns  ((TSJ^2 + TIJ^2)^1/2 + DJ) / 2 + PE
    Total System Jitter     (TSJ):    0.071ns
    Total Input Jitter      (TIJ):    0.000ns
    Discrete Jitter          (DJ):    0.000ns
    Phase Error              (PE):    0.000ns

    Location             Delay type                Incr(ns)  Path(ns)    Netlist Resource(s)
  -------------------------------------------------------------------    -------------------
                         (clock sys_clk_pin rise edge)
                                                      0.000     0.000 r  
    W5                                                0.000     0.000 r  CLK100MHZ (IN)
                         net (fo=0)                   0.000     0.000    CLK100MHZ
    W5                   IBUF (Prop_ibuf_I_O)         1.458     1.458 r  CLK100MHZ_IBUF_inst/O
                         net (fo=1, routed)           1.967     3.425    CLK100MHZ_IBUF
    BUFGCTRL_X0Y1        BUFG (Prop_bufg_I_O)         0.096     3.521 r  CLK100MHZ_IBUF_BUFG_inst/O
                         net (fo=32, routed)          1.804     5.325    sample_clk/CLK100MHZ_IBUF_BUFG
    SLICE_X0Y135         FDRE                                         r  sample_clk/counter_reg[4]/C
  -------------------------------------------------------------------    -------------------
    SLICE_X0Y135         FDRE (Prop_fdre_C_Q)         0.456     5.781 f  sample_clk/counter_reg[4]/Q
                         net (fo=2, routed)           0.682     6.463    sample_clk/counter[4]
    SLICE_X1Y135         LUT4 (Prop_lut4_I3_O)        0.124     6.587 f  sample_clk/counter[0]_i_4/O
                         net (fo=1, routed)           0.633     7.220    sample_clk/counter[0]_i_4_n_0
    SLICE_X1Y136         LUT5 (Prop_lut5_I4_O)        0.124     7.344 f  sample_clk/counter[0]_i_2/O
                         net (fo=3, routed)           0.806     8.151    sample_clk/counter[0]_i_2_n_0
    SLICE_X1Y135         LUT2 (Prop_lut2_I0_O)        0.124     8.275 r  sample_clk/counter[11]_i_1/O
                         net (fo=11, routed)          0.368     8.642    sample_clk/new_clk
    SLICE_X0Y136         FDRE                                         r  sample_clk/counter_reg[5]/R
  -------------------------------------------------------------------    -------------------

                         (clock sys_clk_pin rise edge)
                                                     10.000    10.000 r  
    W5                                                0.000    10.000 r  CLK100MHZ (IN)
                         net (fo=0)                   0.000    10.000    CLK100MHZ
    W5                   IBUF (Prop_ibuf_I_O)         1.388    11.388 r  CLK100MHZ_IBUF_inst/O
                         net (fo=1, routed)           1.862    13.250    CLK100MHZ_IBUF
    BUFGCTRL_X0Y1        BUFG (Prop_bufg_I_O)         0.091    13.341 r  CLK100MHZ_IBUF_BUFG_inst/O
                         net (fo=32, routed)          1.678    15.019    sample_clk/CLK100MHZ_IBUF_BUFG
    SLICE_X0Y136         FDRE                                         r  sample_clk/counter_reg[5]/C
                         clock pessimism              0.281    15.300    
                         clock uncertainty           -0.035    15.265    
    SLICE_X0Y136         FDRE (Setup_fdre_C_R)       -0.429    14.836    sample_clk/counter_reg[5]
  -------------------------------------------------------------------
                         required time                         14.836    
                         arrival time                          -8.642    
  -------------------------------------------------------------------
                         slack                                  6.193    

Slack (MET) :             6.193ns  (required time - arrival time)
  Source:                 sample_clk/counter_reg[4]/C
                            (rising edge-triggered cell FDRE clocked by sys_clk_pin  {rise@0.000ns fall@5.000ns period=10.000ns})
  Destination:            sample_clk/counter_reg[6]/R
                            (rising edge-triggered cell FDRE clocked by sys_clk_pin  {rise@0.000ns fall@5.000ns period=10.000ns})
  Path Group:             sys_clk_pin
  Path Type:              Setup (Max at Slow Process Corner)
  Requirement:            10.000ns  (sys_clk_pin rise@10.000ns - sys_clk_pin rise@0.000ns)
  Data Path Delay:        3.317ns  (logic 0.828ns (24.961%)  route 2.489ns (75.039%))
  Logic Levels:           3  (LUT2=1 LUT4=1 LUT5=1)
  Clock Path Skew:        -0.025ns (DCD - SCD + CPR)
    Destination Clock Delay (DCD):    5.019ns = ( 15.019 - 10.000 ) 
    Source Clock Delay      (SCD):    5.325ns
    Clock Pessimism Removal (CPR):    0.281ns
  Clock Uncertainty:      0.035ns  ((TSJ^2 + TIJ^2)^1/2 + DJ) / 2 + PE
    Total System Jitter     (TSJ):    0.071ns
    Total Input Jitter      (TIJ):    0.000ns
    Discrete Jitter          (DJ):    0.000ns
    Phase Error              (PE):    0.000ns

    Location             Delay type                Incr(ns)  Path(ns)    Netlist Resource(s)
  -------------------------------------------------------------------    -------------------
                         (clock sys_clk_pin rise edge)
                                                      0.000     0.000 r  
    W5                                                0.000     0.000 r  CLK100MHZ (IN)
                         net (fo=0)                   0.000     0.000    CLK100MHZ
    W5                   IBUF (Prop_ibuf_I_O)         1.458     1.458 r  CLK100MHZ_IBUF_inst/O
                         net (fo=1, routed)           1.967     3.425    CLK100MHZ_IBUF
    BUFGCTRL_X0Y1        BUFG (Prop_bufg_I_O)         0.096     3.521 r  CLK100MHZ_IBUF_BUFG_inst/O
                         net (fo=32, routed)          1.804     5.325    sample_clk/CLK100MHZ_IBUF_BUFG
    SLICE_X0Y135         FDRE                                         r  sample_clk/counter_reg[4]/C
  -------------------------------------------------------------------    -------------------
    SLICE_X0Y135         FDRE (Prop_fdre_C_Q)         0.456     5.781 f  sample_clk/counter_reg[4]/Q
                         net (fo=2, routed)           0.682     6.463    sample_clk/counter[4]
    SLICE_X1Y135         LUT4 (Prop_lut4_I3_O)        0.124     6.587 f  sample_clk/counter[0]_i_4/O
                         net (fo=1, routed)           0.633     7.220    sample_clk/counter[0]_i_4_n_0
    SLICE_X1Y136         LUT5 (Prop_lut5_I4_O)        0.124     7.344 f  sample_clk/counter[0]_i_2/O
                         net (fo=3, routed)           0.806     8.151    sample_clk/counter[0]_i_2_n_0
    SLICE_X1Y135         LUT2 (Prop_lut2_I0_O)        0.124     8.275 r  sample_clk/counter[11]_i_1/O
                         net (fo=11, routed)          0.368     8.642    sample_clk/new_clk
    SLICE_X0Y136         FDRE                                         r  sample_clk/counter_reg[6]/R
  -------------------------------------------------------------------    -------------------

                         (clock sys_clk_pin rise edge)
                                                     10.000    10.000 r  
    W5                                                0.000    10.000 r  CLK100MHZ (IN)
                         net (fo=0)                   0.000    10.000    CLK100MHZ
    W5                   IBUF (Prop_ibuf_I_O)         1.388    11.388 r  CLK100MHZ_IBUF_inst/O
                         net (fo=1, routed)           1.862    13.250    CLK100MHZ_IBUF
    BUFGCTRL_X0Y1        BUFG (Prop_bufg_I_O)         0.091    13.341 r  CLK100MHZ_IBUF_BUFG_inst/O
                         net (fo=32, routed)          1.678    15.019    sample_clk/CLK100MHZ_IBUF_BUFG
    SLICE_X0Y136         FDRE                                         r  sample_clk/counter_reg[6]/C
                         clock pessimism              0.281    15.300    
                         clock uncertainty           -0.035    15.265    
    SLICE_X0Y136         FDRE (Setup_fdre_C_R)       -0.429    14.836    sample_clk/counter_reg[6]
  -------------------------------------------------------------------
                         required time                         14.836    
                         arrival time                          -8.642    
  -------------------------------------------------------------------
                         slack                                  6.193    





Min Delay Paths
--------------------------------------------------------------------------------------
Slack (MET) :             0.238ns  (arrival time - required time)
  Source:                 oled_clk/counter_reg[1]/C
                            (rising edge-triggered cell FDRE clocked by sys_clk_pin  {rise@0.000ns fall@5.000ns period=10.000ns})
  Destination:            oled_clk/clock_out_reg/D
                            (rising edge-triggered cell FDRE clocked by sys_clk_pin  {rise@0.000ns fall@5.000ns period=10.000ns})
  Path Group:             sys_clk_pin
  Path Type:              Hold (Min at Fast Process Corner)
  Requirement:            0.000ns  (sys_clk_pin rise@0.000ns - sys_clk_pin rise@0.000ns)
  Data Path Delay:        0.329ns  (logic 0.186ns (56.506%)  route 0.143ns (43.494%))
  Logic Levels:           1  (LUT6=1)
  Clock Path Skew:        0.000ns (DCD - SCD - CPR)
    Destination Clock Delay (DCD):    1.959ns
    Source Clock Delay      (SCD):    1.446ns
    Clock Pessimism Removal (CPR):    0.513ns

    Location             Delay type                Incr(ns)  Path(ns)    Netlist Resource(s)
  -------------------------------------------------------------------    -------------------
                         (clock sys_clk_pin rise edge)
                                                      0.000     0.000 r  
    W5                                                0.000     0.000 r  CLK100MHZ (IN)
                         net (fo=0)                   0.000     0.000    CLK100MHZ
    W5                   IBUF (Prop_ibuf_I_O)         0.226     0.226 r  CLK100MHZ_IBUF_inst/O
                         net (fo=1, routed)           0.631     0.858    CLK100MHZ_IBUF
    BUFGCTRL_X0Y1        BUFG (Prop_bufg_I_O)         0.026     0.884 r  CLK100MHZ_IBUF_BUFG_inst/O
                         net (fo=32, routed)          0.563     1.446    oled_clk/CLK100MHZ_IBUF_BUFG
    SLICE_X36Y45         FDRE                                         r  oled_clk/counter_reg[1]/C
  -------------------------------------------------------------------    -------------------
    SLICE_X36Y45         FDRE (Prop_fdre_C_Q)         0.141     1.587 r  oled_clk/counter_reg[1]/Q
                         net (fo=5, routed)           0.143     1.730    oled_clk/counter_reg__0[1]
    SLICE_X36Y45         LUT6 (Prop_lut6_I2_O)        0.045     1.775 r  oled_clk/clock_out_i_1/O
                         net (fo=1, routed)           0.000     1.775    oled_clk/clock_out_i_1_n_0
    SLICE_X36Y45         FDRE                                         r  oled_clk/clock_out_reg/D
  -------------------------------------------------------------------    -------------------

                         (clock sys_clk_pin rise edge)
                                                      0.000     0.000 r  
    W5                                                0.000     0.000 r  CLK100MHZ (IN)
                         net (fo=0)                   0.000     0.000    CLK100MHZ
    W5                   IBUF (Prop_ibuf_I_O)         0.414     0.414 r  CLK100MHZ_IBUF_inst/O
                         net (fo=1, routed)           0.685     1.099    CLK100MHZ_IBUF
    BUFGCTRL_X0Y1        BUFG (Prop_bufg_I_O)         0.029     1.128 r  CLK100MHZ_IBUF_BUFG_inst/O
                         net (fo=32, routed)          0.832     1.959    oled_clk/CLK100MHZ_IBUF_BUFG
    SLICE_X36Y45         FDRE                                         r  oled_clk/clock_out_reg/C
                         clock pessimism             -0.513     1.446    
    SLICE_X36Y45         FDRE (Hold_fdre_C_D)         0.091     1.537    oled_clk/clock_out_reg
  -------------------------------------------------------------------
                         required time                         -1.537    
                         arrival time                           1.775    
  -------------------------------------------------------------------
                         slack                                  0.238    

Slack (MET) :             0.244ns  (arrival time - required time)
  Source:                 sample_clk/counter_reg[0]/C
                            (rising edge-triggered cell FDRE clocked by sys_clk_pin  {rise@0.000ns fall@5.000ns period=10.000ns})
  Destination:            sample_clk/new_clk_reg/D
                            (rising edge-triggered cell FDRE clocked by sys_clk_pin  {rise@0.000ns fall@5.000ns period=10.000ns})
  Path Group:             sys_clk_pin
  Path Type:              Hold (Min at Fast Process Corner)
  Requirement:            0.000ns  (sys_clk_pin rise@0.000ns - sys_clk_pin rise@0.000ns)
  Data Path Delay:        0.351ns  (logic 0.183ns (52.101%)  route 0.168ns (47.899%))
  Logic Levels:           1  (LUT3=1)
  Clock Path Skew:        0.000ns (DCD - SCD - CPR)
    Destination Clock Delay (DCD):    2.073ns
    Source Clock Delay      (SCD):    1.555ns
    Clock Pessimism Removal (CPR):    0.518ns

    Location             Delay type                Incr(ns)  Path(ns)    Netlist Resource(s)
  -------------------------------------------------------------------    -------------------
                         (clock sys_clk_pin rise edge)
                                                      0.000     0.000 r  
    W5                                                0.000     0.000 r  CLK100MHZ (IN)
                         net (fo=0)                   0.000     0.000    CLK100MHZ
    W5                   IBUF (Prop_ibuf_I_O)         0.226     0.226 r  CLK100MHZ_IBUF_inst/O
                         net (fo=1, routed)           0.631     0.858    CLK100MHZ_IBUF
    BUFGCTRL_X0Y1        BUFG (Prop_bufg_I_O)         0.026     0.884 r  CLK100MHZ_IBUF_BUFG_inst/O
                         net (fo=32, routed)          0.671     1.555    sample_clk/CLK100MHZ_IBUF_BUFG
    SLICE_X1Y135         FDRE                                         r  sample_clk/counter_reg[0]/C
  -------------------------------------------------------------------    -------------------
    SLICE_X1Y135         FDRE (Prop_fdre_C_Q)         0.141     1.696 r  sample_clk/counter_reg[0]/Q
                         net (fo=4, routed)           0.168     1.864    sample_clk/counter[0]
    SLICE_X1Y135         LUT3 (Prop_lut3_I1_O)        0.042     1.906 r  sample_clk/new_clk_i_1/O
                         net (fo=1, routed)           0.000     1.906    sample_clk/new_clk_i_1_n_0
    SLICE_X1Y135         FDRE                                         r  sample_clk/new_clk_reg/D
  -------------------------------------------------------------------    -------------------

                         (clock sys_clk_pin rise edge)
                                                      0.000     0.000 r  
    W5                                                0.000     0.000 r  CLK100MHZ (IN)
                         net (fo=0)                   0.000     0.000    CLK100MHZ
    W5                   IBUF (Prop_ibuf_I_O)         0.414     0.414 r  CLK100MHZ_IBUF_inst/O
                         net (fo=1, routed)           0.685     1.099    CLK100MHZ_IBUF
    BUFGCTRL_X0Y1        BUFG (Prop_bufg_I_O)         0.029     1.128 r  CLK100MHZ_IBUF_BUFG_inst/O
                         net (fo=32, routed)          0.945     2.073    sample_clk/CLK100MHZ_IBUF_BUFG
    SLICE_X1Y135         FDRE                                         r  sample_clk/new_clk_reg/C
                         clock pessimism             -0.518     1.555    
    SLICE_X1Y135         FDRE (Hold_fdre_C_D)         0.107     1.662    sample_clk/new_clk_reg
  -------------------------------------------------------------------
                         required time                         -1.662    
                         arrival time                           1.906    
  -------------------------------------------------------------------
                         slack                                  0.244    

Slack (MET) :             0.261ns  (arrival time - required time)
  Source:                 oled_clk/counter_reg[2]/C
                            (rising edge-triggered cell FDRE clocked by sys_clk_pin  {rise@0.000ns fall@5.000ns period=10.000ns})
  Destination:            oled_clk/counter_reg[4]/D
                            (rising edge-triggered cell FDRE clocked by sys_clk_pin  {rise@0.000ns fall@5.000ns period=10.000ns})
  Path Group:             sys_clk_pin
  Path Type:              Hold (Min at Fast Process Corner)
  Requirement:            0.000ns  (sys_clk_pin rise@0.000ns - sys_clk_pin rise@0.000ns)
  Data Path Delay:        0.368ns  (logic 0.232ns (63.083%)  route 0.136ns (36.917%))
  Logic Levels:           1  (LUT5=1)
  Clock Path Skew:        0.000ns (DCD - SCD - CPR)
    Destination Clock Delay (DCD):    1.959ns
    Source Clock Delay      (SCD):    1.446ns
    Clock Pessimism Removal (CPR):    0.513ns

    Location             Delay type                Incr(ns)  Path(ns)    Netlist Resource(s)
  -------------------------------------------------------------------    -------------------
                         (clock sys_clk_pin rise edge)
                                                      0.000     0.000 r  
    W5                                                0.000     0.000 r  CLK100MHZ (IN)
                         net (fo=0)                   0.000     0.000    CLK100MHZ
    W5                   IBUF (Prop_ibuf_I_O)         0.226     0.226 r  CLK100MHZ_IBUF_inst/O
                         net (fo=1, routed)           0.631     0.858    CLK100MHZ_IBUF
    BUFGCTRL_X0Y1        BUFG (Prop_bufg_I_O)         0.026     0.884 r  CLK100MHZ_IBUF_BUFG_inst/O
                         net (fo=32, routed)          0.563     1.446    oled_clk/CLK100MHZ_IBUF_BUFG
    SLICE_X36Y45         FDRE                                         r  oled_clk/counter_reg[2]/C
  -------------------------------------------------------------------    -------------------
    SLICE_X36Y45         FDRE (Prop_fdre_C_Q)         0.128     1.574 r  oled_clk/counter_reg[2]/Q
                         net (fo=4, routed)           0.136     1.710    oled_clk/counter_reg__0[2]
    SLICE_X36Y45         LUT5 (Prop_lut5_I3_O)        0.104     1.814 r  oled_clk/counter[4]_i_1/O
                         net (fo=1, routed)           0.000     1.814    oled_clk/counter[4]_i_1_n_0
    SLICE_X36Y45         FDRE                                         r  oled_clk/counter_reg[4]/D
  -------------------------------------------------------------------    -------------------

                         (clock sys_clk_pin rise edge)
                                                      0.000     0.000 r  
    W5                                                0.000     0.000 r  CLK100MHZ (IN)
                         net (fo=0)                   0.000     0.000    CLK100MHZ
    W5                   IBUF (Prop_ibuf_I_O)         0.414     0.414 r  CLK100MHZ_IBUF_inst/O
                         net (fo=1, routed)           0.685     1.099    CLK100MHZ_IBUF
    BUFGCTRL_X0Y1        BUFG (Prop_bufg_I_O)         0.029     1.128 r  CLK100MHZ_IBUF_BUFG_inst/O
                         net (fo=32, routed)          0.832     1.959    oled_clk/CLK100MHZ_IBUF_BUFG
    SLICE_X36Y45         FDRE                                         r  oled_clk/counter_reg[4]/C
                         clock pessimism             -0.513     1.446    
    SLICE_X36Y45         FDRE (Hold_fdre_C_D)         0.107     1.553    oled_clk/counter_reg[4]
  -------------------------------------------------------------------
                         required time                         -1.553    
                         arrival time                           1.814    
  -------------------------------------------------------------------
                         slack                                  0.261    

Slack (MET) :             0.262ns  (arrival time - required time)
  Source:                 ac/count2_reg[11]/C
                            (rising edge-triggered cell FDRE clocked by sys_clk_pin  {rise@0.000ns fall@5.000ns period=10.000ns})
  Destination:            ac/count2_reg[11]/D
                            (rising edge-triggered cell FDRE clocked by sys_clk_pin  {rise@0.000ns fall@5.000ns period=10.000ns})
  Path Group:             sys_clk_pin
  Path Type:              Hold (Min at Fast Process Corner)
  Requirement:            0.000ns  (sys_clk_pin rise@0.000ns - sys_clk_pin rise@0.000ns)
  Data Path Delay:        0.367ns  (logic 0.249ns (67.838%)  route 0.118ns (32.162%))
  Logic Levels:           1  (CARRY4=1)
  Clock Path Skew:        0.000ns (DCD - SCD - CPR)
    Destination Clock Delay (DCD):    2.071ns
    Source Clock Delay      (SCD):    1.554ns
    Clock Pessimism Removal (CPR):    0.517ns

    Location             Delay type                Incr(ns)  Path(ns)    Netlist Resource(s)
  -------------------------------------------------------------------    -------------------
                         (clock sys_clk_pin rise edge)
                                                      0.000     0.000 r  
    W5                                                0.000     0.000 r  CLK100MHZ (IN)
                         net (fo=0)                   0.000     0.000    CLK100MHZ
    W5                   IBUF (Prop_ibuf_I_O)         0.226     0.226 r  CLK100MHZ_IBUF_inst/O
                         net (fo=1, routed)           0.631     0.858    CLK100MHZ_IBUF
    BUFGCTRL_X0Y1        BUFG (Prop_bufg_I_O)         0.026     0.884 r  CLK100MHZ_IBUF_BUFG_inst/O
                         net (fo=32, routed)          0.670     1.554    ac/CLK100MHZ_IBUF_BUFG
    SLICE_X1Y133         FDRE                                         r  ac/count2_reg[11]/C
  -------------------------------------------------------------------    -------------------
    SLICE_X1Y133         FDRE (Prop_fdre_C_Q)         0.141     1.695 r  ac/count2_reg[11]/Q
                         net (fo=6, routed)           0.118     1.813    ac/count2_reg[11]
    SLICE_X1Y133         CARRY4 (Prop_carry4_S[3]_O[3])
                                                      0.108     1.921 r  ac/count2_reg[8]_i_1/O[3]
                         net (fo=1, routed)           0.000     1.921    ac/count2_reg[8]_i_1_n_4
    SLICE_X1Y133         FDRE                                         r  ac/count2_reg[11]/D
  -------------------------------------------------------------------    -------------------

                         (clock sys_clk_pin rise edge)
                                                      0.000     0.000 r  
    W5                                                0.000     0.000 r  CLK100MHZ (IN)
                         net (fo=0)                   0.000     0.000    CLK100MHZ
    W5                   IBUF (Prop_ibuf_I_O)         0.414     0.414 r  CLK100MHZ_IBUF_inst/O
                         net (fo=1, routed)           0.685     1.099    CLK100MHZ_IBUF
    BUFGCTRL_X0Y1        BUFG (Prop_bufg_I_O)         0.029     1.128 r  CLK100MHZ_IBUF_BUFG_inst/O
                         net (fo=32, routed)          0.943     2.071    ac/CLK100MHZ_IBUF_BUFG
    SLICE_X1Y133         FDRE                                         r  ac/count2_reg[11]/C
                         clock pessimism             -0.517     1.554    
    SLICE_X1Y133         FDRE (Hold_fdre_C_D)         0.105     1.659    ac/count2_reg[11]
  -------------------------------------------------------------------
                         required time                         -1.659    
                         arrival time                           1.921    
  -------------------------------------------------------------------
                         slack                                  0.262    

Slack (MET) :             0.263ns  (arrival time - required time)
  Source:                 sample_clk/counter_reg[0]/C
                            (rising edge-triggered cell FDRE clocked by sys_clk_pin  {rise@0.000ns fall@5.000ns period=10.000ns})
  Destination:            sample_clk/counter_reg[0]/D
                            (rising edge-triggered cell FDRE clocked by sys_clk_pin  {rise@0.000ns fall@5.000ns period=10.000ns})
  Path Group:             sys_clk_pin
  Path Type:              Hold (Min at Fast Process Corner)
  Requirement:            0.000ns  (sys_clk_pin rise@0.000ns - sys_clk_pin rise@0.000ns)
  Data Path Delay:        0.354ns  (logic 0.186ns (52.507%)  route 0.168ns (47.493%))
  Logic Levels:           1  (LUT2=1)
  Clock Path Skew:        0.000ns (DCD - SCD - CPR)
    Destination Clock Delay (DCD):    2.073ns
    Source Clock Delay      (SCD):    1.555ns
    Clock Pessimism Removal (CPR):    0.518ns

    Location             Delay type                Incr(ns)  Path(ns)    Netlist Resource(s)
  -------------------------------------------------------------------    -------------------
                         (clock sys_clk_pin rise edge)
                                                      0.000     0.000 r  
    W5                                                0.000     0.000 r  CLK100MHZ (IN)
                         net (fo=0)                   0.000     0.000    CLK100MHZ
    W5                   IBUF (Prop_ibuf_I_O)         0.226     0.226 r  CLK100MHZ_IBUF_inst/O
                         net (fo=1, routed)           0.631     0.858    CLK100MHZ_IBUF
    BUFGCTRL_X0Y1        BUFG (Prop_bufg_I_O)         0.026     0.884 r  CLK100MHZ_IBUF_BUFG_inst/O
                         net (fo=32, routed)          0.671     1.555    sample_clk/CLK100MHZ_IBUF_BUFG
    SLICE_X1Y135         FDRE                                         r  sample_clk/counter_reg[0]/C
  -------------------------------------------------------------------    -------------------
    SLICE_X1Y135         FDRE (Prop_fdre_C_Q)         0.141     1.696 f  sample_clk/counter_reg[0]/Q
                         net (fo=4, routed)           0.168     1.864    sample_clk/counter[0]
    SLICE_X1Y135         LUT2 (Prop_lut2_I1_O)        0.045     1.909 r  sample_clk/counter[0]_i_1__0/O
                         net (fo=1, routed)           0.000     1.909    sample_clk/counter_0[0]
    SLICE_X1Y135         FDRE                                         r  sample_clk/counter_reg[0]/D
  -------------------------------------------------------------------    -------------------

                         (clock sys_clk_pin rise edge)
                                                      0.000     0.000 r  
    W5                                                0.000     0.000 r  CLK100MHZ (IN)
                         net (fo=0)                   0.000     0.000    CLK100MHZ
    W5                   IBUF (Prop_ibuf_I_O)         0.414     0.414 r  CLK100MHZ_IBUF_inst/O
                         net (fo=1, routed)           0.685     1.099    CLK100MHZ_IBUF
    BUFGCTRL_X0Y1        BUFG (Prop_bufg_I_O)         0.029     1.128 r  CLK100MHZ_IBUF_BUFG_inst/O
                         net (fo=32, routed)          0.945     2.073    sample_clk/CLK100MHZ_IBUF_BUFG
    SLICE_X1Y135         FDRE                                         r  sample_clk/counter_reg[0]/C
                         clock pessimism             -0.518     1.555    
    SLICE_X1Y135         FDRE (Hold_fdre_C_D)         0.091     1.646    sample_clk/counter_reg[0]
  -------------------------------------------------------------------
                         required time                         -1.646    
                         arrival time                           1.909    
  -------------------------------------------------------------------
                         slack                                  0.263    

Slack (MET) :             0.268ns  (arrival time - required time)
  Source:                 ac/count2_reg[4]/C
                            (rising edge-triggered cell FDRE clocked by sys_clk_pin  {rise@0.000ns fall@5.000ns period=10.000ns})
  Destination:            ac/count2_reg[4]/D
                            (rising edge-triggered cell FDRE clocked by sys_clk_pin  {rise@0.000ns fall@5.000ns period=10.000ns})
  Path Group:             sys_clk_pin
  Path Type:              Hold (Min at Fast Process Corner)
  Requirement:            0.000ns  (sys_clk_pin rise@0.000ns - sys_clk_pin rise@0.000ns)
  Data Path Delay:        0.373ns  (logic 0.256ns (68.576%)  route 0.117ns (31.424%))
  Logic Levels:           1  (CARRY4=1)
  Clock Path Skew:        0.000ns (DCD - SCD - CPR)
    Destination Clock Delay (DCD):    2.070ns
    Source Clock Delay      (SCD):    1.553ns
    Clock Pessimism Removal (CPR):    0.517ns

    Location             Delay type                Incr(ns)  Path(ns)    Netlist Resource(s)
  -------------------------------------------------------------------    -------------------
                         (clock sys_clk_pin rise edge)
                                                      0.000     0.000 r  
    W5                                                0.000     0.000 r  CLK100MHZ (IN)
                         net (fo=0)                   0.000     0.000    CLK100MHZ
    W5                   IBUF (Prop_ibuf_I_O)         0.226     0.226 r  CLK100MHZ_IBUF_inst/O
                         net (fo=1, routed)           0.631     0.858    CLK100MHZ_IBUF
    BUFGCTRL_X0Y1        BUFG (Prop_bufg_I_O)         0.026     0.884 r  CLK100MHZ_IBUF_BUFG_inst/O
                         net (fo=32, routed)          0.669     1.553    ac/CLK100MHZ_IBUF_BUFG
    SLICE_X1Y132         FDRE                                         r  ac/count2_reg[4]/C
  -------------------------------------------------------------------    -------------------
    SLICE_X1Y132         FDRE (Prop_fdre_C_Q)         0.141     1.694 r  ac/count2_reg[4]/Q
                         net (fo=8, routed)           0.117     1.811    ac/count2_reg[4]
    SLICE_X1Y132         CARRY4 (Prop_carry4_S[0]_O[0])
                                                      0.115     1.926 r  ac/count2_reg[4]_i_1/O[0]
                         net (fo=1, routed)           0.000     1.926    ac/count2_reg[4]_i_1_n_7
    SLICE_X1Y132         FDRE                                         r  ac/count2_reg[4]/D
  -------------------------------------------------------------------    -------------------

                         (clock sys_clk_pin rise edge)
                                                      0.000     0.000 r  
    W5                                                0.000     0.000 r  CLK100MHZ (IN)
                         net (fo=0)                   0.000     0.000    CLK100MHZ
    W5                   IBUF (Prop_ibuf_I_O)         0.414     0.414 r  CLK100MHZ_IBUF_inst/O
                         net (fo=1, routed)           0.685     1.099    CLK100MHZ_IBUF
    BUFGCTRL_X0Y1        BUFG (Prop_bufg_I_O)         0.029     1.128 r  CLK100MHZ_IBUF_BUFG_inst/O
                         net (fo=32, routed)          0.942     2.070    ac/CLK100MHZ_IBUF_BUFG
    SLICE_X1Y132         FDRE                                         r  ac/count2_reg[4]/C
                         clock pessimism             -0.517     1.553    
    SLICE_X1Y132         FDRE (Hold_fdre_C_D)         0.105     1.658    ac/count2_reg[4]
  -------------------------------------------------------------------
                         required time                         -1.658    
                         arrival time                           1.926    
  -------------------------------------------------------------------
                         slack                                  0.268    

Slack (MET) :             0.270ns  (arrival time - required time)
  Source:                 oled_clk/counter_reg[2]/C
                            (rising edge-triggered cell FDRE clocked by sys_clk_pin  {rise@0.000ns fall@5.000ns period=10.000ns})
  Destination:            oled_clk/counter_reg[3]/D
                            (rising edge-triggered cell FDRE clocked by sys_clk_pin  {rise@0.000ns fall@5.000ns period=10.000ns})
  Path Group:             sys_clk_pin
  Path Type:              Hold (Min at Fast Process Corner)
  Requirement:            0.000ns  (sys_clk_pin rise@0.000ns - sys_clk_pin rise@0.000ns)
  Data Path Delay:        0.362ns  (logic 0.226ns (62.470%)  route 0.136ns (37.530%))
  Logic Levels:           1  (LUT4=1)
  Clock Path Skew:        0.000ns (DCD - SCD - CPR)
    Destination Clock Delay (DCD):    1.959ns
    Source Clock Delay      (SCD):    1.446ns
    Clock Pessimism Removal (CPR):    0.513ns

    Location             Delay type                Incr(ns)  Path(ns)    Netlist Resource(s)
  -------------------------------------------------------------------    -------------------
                         (clock sys_clk_pin rise edge)
                                                      0.000     0.000 r  
    W5                                                0.000     0.000 r  CLK100MHZ (IN)
                         net (fo=0)                   0.000     0.000    CLK100MHZ
    W5                   IBUF (Prop_ibuf_I_O)         0.226     0.226 r  CLK100MHZ_IBUF_inst/O
                         net (fo=1, routed)           0.631     0.858    CLK100MHZ_IBUF
    BUFGCTRL_X0Y1        BUFG (Prop_bufg_I_O)         0.026     0.884 r  CLK100MHZ_IBUF_BUFG_inst/O
                         net (fo=32, routed)          0.563     1.446    oled_clk/CLK100MHZ_IBUF_BUFG
    SLICE_X36Y45         FDRE                                         r  oled_clk/counter_reg[2]/C
  -------------------------------------------------------------------    -------------------
    SLICE_X36Y45         FDRE (Prop_fdre_C_Q)         0.128     1.574 r  oled_clk/counter_reg[2]/Q
                         net (fo=4, routed)           0.136     1.710    oled_clk/counter_reg__0[2]
    SLICE_X36Y45         LUT4 (Prop_lut4_I0_O)        0.098     1.808 r  oled_clk/counter[3]_i_1/O
                         net (fo=1, routed)           0.000     1.808    oled_clk/counter[3]_i_1_n_0
    SLICE_X36Y45         FDRE                                         r  oled_clk/counter_reg[3]/D
  -------------------------------------------------------------------    -------------------

                         (clock sys_clk_pin rise edge)
                                                      0.000     0.000 r  
    W5                                                0.000     0.000 r  CLK100MHZ (IN)
                         net (fo=0)                   0.000     0.000    CLK100MHZ
    W5                   IBUF (Prop_ibuf_I_O)         0.414     0.414 r  CLK100MHZ_IBUF_inst/O
                         net (fo=1, routed)           0.685     1.099    CLK100MHZ_IBUF
    BUFGCTRL_X0Y1        BUFG (Prop_bufg_I_O)         0.029     1.128 r  CLK100MHZ_IBUF_BUFG_inst/O
                         net (fo=32, routed)          0.832     1.959    oled_clk/CLK100MHZ_IBUF_BUFG
    SLICE_X36Y45         FDRE                                         r  oled_clk/counter_reg[3]/C
                         clock pessimism             -0.513     1.446    
    SLICE_X36Y45         FDRE (Hold_fdre_C_D)         0.092     1.538    oled_clk/counter_reg[3]
  -------------------------------------------------------------------
                         required time                         -1.538    
                         arrival time                           1.808    
  -------------------------------------------------------------------
                         slack                                  0.270    

Slack (MET) :             0.277ns  (arrival time - required time)
  Source:                 ac/count2_reg[7]/C
                            (rising edge-triggered cell FDRE clocked by sys_clk_pin  {rise@0.000ns fall@5.000ns period=10.000ns})
  Destination:            ac/count2_reg[7]/D
                            (rising edge-triggered cell FDRE clocked by sys_clk_pin  {rise@0.000ns fall@5.000ns period=10.000ns})
  Path Group:             sys_clk_pin
  Path Type:              Hold (Min at Fast Process Corner)
  Requirement:            0.000ns  (sys_clk_pin rise@0.000ns - sys_clk_pin rise@0.000ns)
  Data Path Delay:        0.382ns  (logic 0.249ns (65.268%)  route 0.133ns (34.732%))
  Logic Levels:           1  (CARRY4=1)
  Clock Path Skew:        0.000ns (DCD - SCD - CPR)
    Destination Clock Delay (DCD):    2.070ns
    Source Clock Delay      (SCD):    1.553ns
    Clock Pessimism Removal (CPR):    0.517ns

    Location             Delay type                Incr(ns)  Path(ns)    Netlist Resource(s)
  -------------------------------------------------------------------    -------------------
                         (clock sys_clk_pin rise edge)
                                                      0.000     0.000 r  
    W5                                                0.000     0.000 r  CLK100MHZ (IN)
                         net (fo=0)                   0.000     0.000    CLK100MHZ
    W5                   IBUF (Prop_ibuf_I_O)         0.226     0.226 r  CLK100MHZ_IBUF_inst/O
                         net (fo=1, routed)           0.631     0.858    CLK100MHZ_IBUF
    BUFGCTRL_X0Y1        BUFG (Prop_bufg_I_O)         0.026     0.884 r  CLK100MHZ_IBUF_BUFG_inst/O
                         net (fo=32, routed)          0.669     1.553    ac/CLK100MHZ_IBUF_BUFG
    SLICE_X1Y132         FDRE                                         r  ac/count2_reg[7]/C
  -------------------------------------------------------------------    -------------------
    SLICE_X1Y132         FDRE (Prop_fdre_C_Q)         0.141     1.694 r  ac/count2_reg[7]/Q
                         net (fo=10, routed)          0.133     1.826    ac/count2_reg[7]
    SLICE_X1Y132         CARRY4 (Prop_carry4_S[3]_O[3])
                                                      0.108     1.934 r  ac/count2_reg[4]_i_1/O[3]
                         net (fo=1, routed)           0.000     1.934    ac/count2_reg[4]_i_1_n_4
    SLICE_X1Y132         FDRE                                         r  ac/count2_reg[7]/D
  -------------------------------------------------------------------    -------------------

                         (clock sys_clk_pin rise edge)
                                                      0.000     0.000 r  
    W5                                                0.000     0.000 r  CLK100MHZ (IN)
                         net (fo=0)                   0.000     0.000    CLK100MHZ
    W5                   IBUF (Prop_ibuf_I_O)         0.414     0.414 r  CLK100MHZ_IBUF_inst/O
                         net (fo=1, routed)           0.685     1.099    CLK100MHZ_IBUF
    BUFGCTRL_X0Y1        BUFG (Prop_bufg_I_O)         0.029     1.128 r  CLK100MHZ_IBUF_BUFG_inst/O
                         net (fo=32, routed)          0.942     2.070    ac/CLK100MHZ_IBUF_BUFG
    SLICE_X1Y132         FDRE                                         r  ac/count2_reg[7]/C
                         clock pessimism             -0.517     1.553    
    SLICE_X1Y132         FDRE (Hold_fdre_C_D)         0.105     1.658    ac/count2_reg[7]
  -------------------------------------------------------------------
                         required time                         -1.658    
                         arrival time                           1.934    
  -------------------------------------------------------------------
                         slack                                  0.277    

Slack (MET) :             0.278ns  (arrival time - required time)
  Source:                 oled_clk/counter_reg[0]/C
                            (rising edge-triggered cell FDRE clocked by sys_clk_pin  {rise@0.000ns fall@5.000ns period=10.000ns})
  Destination:            oled_clk/counter_reg[0]/D
                            (rising edge-triggered cell FDRE clocked by sys_clk_pin  {rise@0.000ns fall@5.000ns period=10.000ns})
  Path Group:             sys_clk_pin
  Path Type:              Hold (Min at Fast Process Corner)
  Requirement:            0.000ns  (sys_clk_pin rise@0.000ns - sys_clk_pin rise@0.000ns)
  Data Path Delay:        0.370ns  (logic 0.186ns (50.247%)  route 0.184ns (49.753%))
  Logic Levels:           1  (LUT1=1)
  Clock Path Skew:        0.000ns (DCD - SCD - CPR)
    Destination Clock Delay (DCD):    1.959ns
    Source Clock Delay      (SCD):    1.446ns
    Clock Pessimism Removal (CPR):    0.513ns

    Location             Delay type                Incr(ns)  Path(ns)    Netlist Resource(s)
  -------------------------------------------------------------------    -------------------
                         (clock sys_clk_pin rise edge)
                                                      0.000     0.000 r  
    W5                                                0.000     0.000 r  CLK100MHZ (IN)
                         net (fo=0)                   0.000     0.000    CLK100MHZ
    W5                   IBUF (Prop_ibuf_I_O)         0.226     0.226 r  CLK100MHZ_IBUF_inst/O
                         net (fo=1, routed)           0.631     0.858    CLK100MHZ_IBUF
    BUFGCTRL_X0Y1        BUFG (Prop_bufg_I_O)         0.026     0.884 r  CLK100MHZ_IBUF_BUFG_inst/O
                         net (fo=32, routed)          0.563     1.446    oled_clk/CLK100MHZ_IBUF_BUFG
    SLICE_X36Y45         FDRE                                         r  oled_clk/counter_reg[0]/C
  -------------------------------------------------------------------    -------------------
    SLICE_X36Y45         FDRE (Prop_fdre_C_Q)         0.141     1.587 f  oled_clk/counter_reg[0]/Q
                         net (fo=6, routed)           0.184     1.771    oled_clk/counter_reg__0[0]
    SLICE_X36Y45         LUT1 (Prop_lut1_I0_O)        0.045     1.816 r  oled_clk/counter[0]_i_1/O
                         net (fo=1, routed)           0.000     1.816    oled_clk/counter[0]_i_1_n_0
    SLICE_X36Y45         FDRE                                         r  oled_clk/counter_reg[0]/D
  -------------------------------------------------------------------    -------------------

                         (clock sys_clk_pin rise edge)
                                                      0.000     0.000 r  
    W5                                                0.000     0.000 r  CLK100MHZ (IN)
                         net (fo=0)                   0.000     0.000    CLK100MHZ
    W5                   IBUF (Prop_ibuf_I_O)         0.414     0.414 r  CLK100MHZ_IBUF_inst/O
                         net (fo=1, routed)           0.685     1.099    CLK100MHZ_IBUF
    BUFGCTRL_X0Y1        BUFG (Prop_bufg_I_O)         0.029     1.128 r  CLK100MHZ_IBUF_BUFG_inst/O
                         net (fo=32, routed)          0.832     1.959    oled_clk/CLK100MHZ_IBUF_BUFG
    SLICE_X36Y45         FDRE                                         r  oled_clk/counter_reg[0]/C
                         clock pessimism             -0.513     1.446    
    SLICE_X36Y45         FDRE (Hold_fdre_C_D)         0.092     1.538    oled_clk/counter_reg[0]
  -------------------------------------------------------------------
                         required time                         -1.538    
                         arrival time                           1.816    
  -------------------------------------------------------------------
                         slack                                  0.278    

Slack (MET) :             0.281ns  (arrival time - required time)
  Source:                 ac/count2_reg[8]/C
                            (rising edge-triggered cell FDRE clocked by sys_clk_pin  {rise@0.000ns fall@5.000ns period=10.000ns})
  Destination:            ac/count2_reg[8]/D
                            (rising edge-triggered cell FDRE clocked by sys_clk_pin  {rise@0.000ns fall@5.000ns period=10.000ns})
  Path Group:             sys_clk_pin
  Path Type:              Hold (Min at Fast Process Corner)
  Requirement:            0.000ns  (sys_clk_pin rise@0.000ns - sys_clk_pin rise@0.000ns)
  Data Path Delay:        0.386ns  (logic 0.256ns (66.406%)  route 0.130ns (33.594%))
  Logic Levels:           1  (CARRY4=1)
  Clock Path Skew:        0.000ns (DCD - SCD - CPR)
    Destination Clock Delay (DCD):    2.071ns
    Source Clock Delay      (SCD):    1.554ns
    Clock Pessimism Removal (CPR):    0.517ns

    Location             Delay type                Incr(ns)  Path(ns)    Netlist Resource(s)
  -------------------------------------------------------------------    -------------------
                         (clock sys_clk_pin rise edge)
                                                      0.000     0.000 r  
    W5                                                0.000     0.000 r  CLK100MHZ (IN)
                         net (fo=0)                   0.000     0.000    CLK100MHZ
    W5                   IBUF (Prop_ibuf_I_O)         0.226     0.226 r  CLK100MHZ_IBUF_inst/O
                         net (fo=1, routed)           0.631     0.858    CLK100MHZ_IBUF
    BUFGCTRL_X0Y1        BUFG (Prop_bufg_I_O)         0.026     0.884 r  CLK100MHZ_IBUF_BUFG_inst/O
                         net (fo=32, routed)          0.670     1.554    ac/CLK100MHZ_IBUF_BUFG
    SLICE_X1Y133         FDRE                                         r  ac/count2_reg[8]/C
  -------------------------------------------------------------------    -------------------
    SLICE_X1Y133         FDRE (Prop_fdre_C_Q)         0.141     1.695 r  ac/count2_reg[8]/Q
                         net (fo=6, routed)           0.130     1.824    ac/count2_reg[8]
    SLICE_X1Y133         CARRY4 (Prop_carry4_S[0]_O[0])
                                                      0.115     1.939 r  ac/count2_reg[8]_i_1/O[0]
                         net (fo=1, routed)           0.000     1.939    ac/count2_reg[8]_i_1_n_7
    SLICE_X1Y133         FDRE                                         r  ac/count2_reg[8]/D
  -------------------------------------------------------------------    -------------------

                         (clock sys_clk_pin rise edge)
                                                      0.000     0.000 r  
    W5                                                0.000     0.000 r  CLK100MHZ (IN)
                         net (fo=0)                   0.000     0.000    CLK100MHZ
    W5                   IBUF (Prop_ibuf_I_O)         0.414     0.414 r  CLK100MHZ_IBUF_inst/O
                         net (fo=1, routed)           0.685     1.099    CLK100MHZ_IBUF
    BUFGCTRL_X0Y1        BUFG (Prop_bufg_I_O)         0.029     1.128 r  CLK100MHZ_IBUF_BUFG_inst/O
                         net (fo=32, routed)          0.943     2.071    ac/CLK100MHZ_IBUF_BUFG
    SLICE_X1Y133         FDRE                                         r  ac/count2_reg[8]/C
                         clock pessimism             -0.517     1.554    
    SLICE_X1Y133         FDRE (Hold_fdre_C_D)         0.105     1.659    ac/count2_reg[8]
  -------------------------------------------------------------------
                         required time                         -1.659    
                         arrival time                           1.939    
  -------------------------------------------------------------------
                         slack                                  0.281    





Pulse Width Checks
--------------------------------------------------------------------------------------
Clock Name:         sys_clk_pin
Waveform(ns):       { 0.000 5.000 }
Period(ns):         10.000
Sources:            { CLK100MHZ }

Check Type        Corner  Lib Pin  Reference Pin  Required(ns)  Actual(ns)  Slack(ns)  Location       Pin
Min Period        n/a     BUFG/I   n/a            2.155         10.000      7.845      BUFGCTRL_X0Y1  CLK100MHZ_IBUF_BUFG_inst/I
Min Period        n/a     FDRE/C   n/a            1.000         10.000      9.000      SLICE_X1Y133   ac/count2_reg[10]/C
Min Period        n/a     FDRE/C   n/a            1.000         10.000      9.000      SLICE_X1Y133   ac/count2_reg[11]/C
Min Period        n/a     FDRE/C   n/a            1.000         10.000      9.000      SLICE_X1Y131   ac/count2_reg[1]/C
Min Period        n/a     FDRE/C   n/a            1.000         10.000      9.000      SLICE_X1Y131   ac/count2_reg[2]/C
Min Period        n/a     FDRE/C   n/a            1.000         10.000      9.000      SLICE_X1Y131   ac/count2_reg[3]/C
Min Period        n/a     FDRE/C   n/a            1.000         10.000      9.000      SLICE_X1Y132   ac/count2_reg[4]/C
Min Period        n/a     FDRE/C   n/a            1.000         10.000      9.000      SLICE_X1Y132   ac/count2_reg[5]/C
Min Period        n/a     FDRE/C   n/a            1.000         10.000      9.000      SLICE_X1Y132   ac/count2_reg[6]/C
Min Period        n/a     FDRE/C   n/a            1.000         10.000      9.000      SLICE_X1Y132   ac/count2_reg[7]/C
Low Pulse Width   Slow    FDRE/C   n/a            0.500         5.000       4.500      SLICE_X36Y45   oled_clk/clock_out_reg/C
Low Pulse Width   Slow    FDRE/C   n/a            0.500         5.000       4.500      SLICE_X36Y45   oled_clk/counter_reg[0]/C
Low Pulse Width   Slow    FDRE/C   n/a            0.500         5.000       4.500      SLICE_X36Y45   oled_clk/counter_reg[1]/C
Low Pulse Width   Slow    FDRE/C   n/a            0.500         5.000       4.500      SLICE_X36Y45   oled_clk/counter_reg[2]/C
Low Pulse Width   Slow    FDRE/C   n/a            0.500         5.000       4.500      SLICE_X36Y45   oled_clk/counter_reg[3]/C
Low Pulse Width   Slow    FDRE/C   n/a            0.500         5.000       4.500      SLICE_X36Y45   oled_clk/counter_reg[4]/C
Low Pulse Width   Fast    FDRE/C   n/a            0.500         5.000       4.500      SLICE_X36Y45   oled_clk/clock_out_reg/C
Low Pulse Width   Fast    FDRE/C   n/a            0.500         5.000       4.500      SLICE_X36Y45   oled_clk/counter_reg[0]/C
Low Pulse Width   Fast    FDRE/C   n/a            0.500         5.000       4.500      SLICE_X36Y45   oled_clk/counter_reg[1]/C
Low Pulse Width   Fast    FDRE/C   n/a            0.500         5.000       4.500      SLICE_X1Y135   sample_clk/counter_reg[0]/C
High Pulse Width  Slow    FDRE/C   n/a            0.500         5.000       4.500      SLICE_X1Y131   ac/count2_reg[1]/C
High Pulse Width  Slow    FDRE/C   n/a            0.500         5.000       4.500      SLICE_X1Y131   ac/count2_reg[2]/C
High Pulse Width  Slow    FDRE/C   n/a            0.500         5.000       4.500      SLICE_X1Y131   ac/count2_reg[3]/C
High Pulse Width  Slow    FDRE/C   n/a            0.500         5.000       4.500      SLICE_X1Y131   ac/count2_reg[0]/C
High Pulse Width  Slow    FDRE/C   n/a            0.500         5.000       4.500      SLICE_X2Y130   ac/sclk_reg/C
High Pulse Width  Slow    FDRE/C   n/a            0.500         5.000       4.500      SLICE_X1Y133   ac/count2_reg[10]/C
High Pulse Width  Slow    FDRE/C   n/a            0.500         5.000       4.500      SLICE_X1Y133   ac/count2_reg[11]/C
High Pulse Width  Fast    FDRE/C   n/a            0.500         5.000       4.500      SLICE_X1Y131   ac/count2_reg[1]/C
High Pulse Width  Fast    FDRE/C   n/a            0.500         5.000       4.500      SLICE_X1Y131   ac/count2_reg[2]/C
High Pulse Width  Fast    FDRE/C   n/a            0.500         5.000       4.500      SLICE_X1Y131   ac/count2_reg[3]/C



